node_modules/expo/tsconfig.base.json(10,15): error TS6046: Argument for '--module' option must be: 'none', 'commonjs', 'amd', 'system', 'umd', 'es6', 'es2015', 'es2020', 'es2022', 'esnext', 'node16', 'nodenext'.
App.tsx(55,11): error TS2353: Object literal may only specify known properties, and 'Register' does not exist in type 'PathConfigMap<{ Splash: any; } & { Login: any; } & { RegisterBasicInfo: any; } & { RegisterPhoto: any; } & { RegisterInterest: any; } & { ForgotPassword: any; } & { EmailVerification: any; } & { Splash: any; } & { ...; } & ... 4 more ... & { ...; }>'.
App.tsx(63,11): error TS2353: Object literal may only specify known properties, and 'Groups' does not exist in type 'PathConfigMap<{ Discover: any; } & { Messages: any; } & { Profile: any; } & { Events: any; } & { Discover: any; } & { Messages: any; } & { Profile: any; } & { Events: any; }>'.
src/components/BadgeEarnedModal.tsx(15,22): error TS2307: Cannot find module './Confetti' or its corresponding type declarations.
src/components/BadgeEarnedModal.tsx(168,17): error TS2769: No overload matches this call.
  Overload 1 of 2, '(props: LinearGradientProps): LinearGradient', gave the following error.
    Type 'string[]' is not assignable to type 'readonly [ColorValue, ColorValue, ...ColorValue[]]'.
  Overload 2 of 2, '(props: LinearGradientProps, context: any): LinearGradient', gave the following error.
    Type 'string[]' is not assignable to type 'readonly [ColorValue, ColorValue, ...ColorValue[]]'.
src/components/BadgeEarnedModal.tsx(207,17): error TS2769: No overload matches this call.
  Overload 1 of 2, '(props: LinearGradientProps): LinearGradient', gave the following error.
    Type 'string[]' is not assignable to type 'readonly [ColorValue, ColorValue, ...ColorValue[]]'.
  Overload 2 of 2, '(props: LinearGradientProps, context: any): LinearGradient', gave the following error.
    Type 'string[]' is not assignable to type 'readonly [ColorValue, ColorValue, ...ColorValue[]]'.
src/components/LevelUpModal.tsx(15,22): error TS2307: Cannot find module './Confetti' or its corresponding type declarations.
src/screens/Auth/EmailVerificationScreen.tsx(133,92): error TS2339: Property 'secondary' does not exist on type 'ThemeColors'.
src/screens/Boost/BoostScreen.tsx(35,15): error TS2339: Property 'data' does not exist on type 'BoostStatus'.
src/screens/Boost/BoostScreen.tsx(35,21): error TS2339: Property 'error' does not exist on type 'BoostStatus'.
src/screens/Boost/BoostScreen.tsx(35,50): error TS2554: Expected 2 arguments, but got 1.
src/screens/Boost/BoostScreen.tsx(71,50): error TS2551: Property 'remaining_boosts' does not exist on type 'BoostStatus'. Did you mean 'remainingBoosts'?
src/screens/Boost/BoostScreen.tsx(75,15): error TS2339: Property 'data' does not exist on type '{ success: boolean; boost?: Boost | undefined; error?: string | undefined; }'.
src/screens/Boost/BoostScreen.tsx(75,50): error TS2554: Expected 2 arguments, but got 1.
src/screens/Boost/BoostScreen.tsx(122,32): error TS2551: Property 'is_active' does not exist on type 'BoostStatus'. Did you mean 'isActive'?
src/screens/Boost/BoostScreen.tsx(129,34): error TS2551: Property 'is_active' does not exist on type 'BoostStatus'. Did you mean 'isActive'?
src/screens/Boost/BoostScreen.tsx(135,25): error TS2551: Property 'is_active' does not exist on type 'BoostStatus'. Did you mean 'isActive'?
src/screens/Boost/BoostScreen.tsx(162,38): error TS2551: Property 'views_during_boost' does not exist on type '{ viewsDuringBoost: number; likesDuringBoost: number; }'. Did you mean 'viewsDuringBoost'?
src/screens/Boost/BoostScreen.tsx(171,38): error TS2551: Property 'likes_during_boost' does not exist on type '{ viewsDuringBoost: number; likesDuringBoost: number; }'. Did you mean 'likesDuringBoost'?
src/screens/Boost/BoostScreen.tsx(190,27): error TS2551: Property 'remaining_boosts' does not exist on type 'BoostStatus'. Did you mean 'remainingBoosts'?
src/screens/Boost/BoostScreen.tsx(193,33): error TS2551: Property 'monthly_boosts' does not exist on type 'BoostStatus'. Did you mean 'monthlyBoosts'?
src/screens/Boost/BoostScreen.tsx(224,22): error TS2551: Property 'is_active' does not exist on type 'BoostStatus'. Did you mean 'isActive'?
src/screens/Boost/BoostScreen.tsx(230,48): error TS2551: Property 'remaining_boosts' does not exist on type 'BoostStatus'. Did you mean 'remainingBoosts'?
src/screens/Boost/BoostScreen.tsx(234,53): error TS2551: Property 'remaining_boosts' does not exist on type 'BoostStatus'. Did you mean 'remainingBoosts'?
src/screens/Boost/BoostScreen.tsx(242,34): error TS2551: Property 'remaining_boosts' does not exist on type 'BoostStatus'. Did you mean 'remainingBoosts'?
src/screens/Chat/ChatScreen.tsx(551,94): error TS2339: Property 'shiftKey' does not exist on type 'TextInputKeyPressEventData'.
src/screens/Events/EventDetailScreen.tsx(149,25): error TS2339: Property 'participant_count' does not exist on type 'Event'.
src/screens/Events/EventDetailScreen.tsx(149,58): error TS2339: Property 'capacity' does not exist on type 'Event'.
src/screens/Events/EventDetailScreen.tsx(159,18): error TS2339: Property 'image_url' does not exist on type 'Event'.
src/screens/Events/EventDetailScreen.tsx(160,41): error TS2339: Property 'image_url' does not exist on type 'Event'.
src/screens/Events/EventDetailScreen.tsx(214,24): error TS2339: Property 'location_name' does not exist on type 'Event'.
src/screens/Events/EventDetailScreen.tsx(233,56): error TS2339: Property 'capacity' does not exist on type 'Event'.
src/screens/Events/EventsScreen.tsx(97,13): error TS2339: Property 'image_url' does not exist on type 'Event'.
src/screens/Events/EventsScreen.tsx(98,36): error TS2339: Property 'image_url' does not exist on type 'Event'.
src/screens/Events/EventsScreen.tsx(131,21): error TS2339: Property 'location_name' does not exist on type 'Event'.
src/screens/Events/EventsScreen.tsx(140,21): error TS2339: Property 'participant_count' does not exist on type 'Event'.
src/screens/Events/EventsScreen.tsx(140,53): error TS2339: Property 'capacity' does not exist on type 'Event'.
src/screens/Groups/GroupListScreen.tsx(80,13): error TS2339: Property 'image_url' does not exist on type 'GroupChat'.
src/screens/Groups/GroupListScreen.tsx(81,36): error TS2339: Property 'image_url' does not exist on type 'GroupChat'.
src/screens/Groups/GroupMembersScreen.tsx(41,54): error TS2551: Property 'getGroupMembers' does not exist on type '{ createGroup: (creatorId: string, data: CreateGroupData) => Promise<{ data: GroupChat | null; error: any; }>; getMyGroups: (userId: string) => Promise<...>; ... 12 more ...; unsubscribe: (channel: RealtimeChannel) => Promise<...>; }'. Did you mean 'getMembers'?
src/screens/Groups/GroupMembersScreen.tsx(44,45): error TS7006: Parameter 'm' implicitly has an 'any' type.
src/screens/Groups/GroupMembersScreen.tsx(75,38): error TS2554: Expected 3 arguments, but got 2.
src/screens/Premium/PremiumScreen.tsx(150,13): error TS2769: No overload matches this call.
  Overload 1 of 2, '(props: LinearGradientProps): LinearGradient', gave the following error.
    Type 'string[]' is not assignable to type 'readonly [ColorValue, ColorValue, ...ColorValue[]]'.
  Overload 2 of 2, '(props: LinearGradientProps, context: any): LinearGradient', gave the following error.
    Type 'string[]' is not assignable to type 'readonly [ColorValue, ColorValue, ...ColorValue[]]'.
src/screens/Premium/PremiumScreen.tsx(160,76): error TS2339: Property 'success' does not exist on type '{ readonly primary: "#1337ec"; readonly primaryDark: "#0b25a8"; readonly primaryLight: "#4d6df0"; readonly backgroundLight: "#f6f6f8"; readonly backgroundDark: "#101322"; readonly glass: { readonly light: "rgba(255, 255, 255, 0.65)"; readonly dark: "rgba(16, 19, 34, 0.65)"; readonly border: { ...; }; }; ... 5 more ....'.
src/screens/Premium/PremiumScreen.tsx(161,67): error TS2339: Property 'success' does not exist on type '{ readonly primary: "#1337ec"; readonly primaryDark: "#0b25a8"; readonly primaryLight: "#4d6df0"; readonly backgroundLight: "#f6f6f8"; readonly backgroundDark: "#101322"; readonly glass: { readonly light: "rgba(255, 255, 255, 0.65)"; readonly dark: "rgba(16, 19, 34, 0.65)"; readonly border: { ...; }; }; ... 5 more ....'.
src/screens/Premium/PremiumScreen.tsx(303,15): error TS2769: No overload matches this call.
  Overload 1 of 2, '(props: LinearGradientProps): LinearGradient', gave the following error.
    Type 'string[]' is not assignable to type 'readonly [ColorValue, ColorValue, ...ColorValue[]]'.
      Source provides no match for required element at position 0 in target.
  Overload 2 of 2, '(props: LinearGradientProps, context: any): LinearGradient', gave the following error.
    Type 'string[]' is not assignable to type 'readonly [ColorValue, ColorValue, ...ColorValue[]]'.
src/screens/Profile/FollowersScreen.tsx(101,47): error TS2339: Property 'secondary' does not exist on type '{ readonly primary: "#1337ec"; readonly primaryDark: "#0b25a8"; readonly primaryLight: "#4d6df0"; readonly backgroundLight: "#f6f6f8"; readonly backgroundDark: "#101322"; readonly glass: { readonly light: "rgba(255, 255, 255, 0.65)"; readonly dark: "rgba(16, 19, 34, 0.65)"; readonly border: { ...; }; }; ... 5 more ....'.
src/screens/Profile/FollowingScreen.tsx(116,47): error TS2339: Property 'secondary' does not exist on type '{ readonly primary: "#1337ec"; readonly primaryDark: "#0b25a8"; readonly primaryLight: "#4d6df0"; readonly backgroundLight: "#f6f6f8"; readonly backgroundDark: "#101322"; readonly glass: { readonly light: "rgba(255, 255, 255, 0.65)"; readonly dark: "rgba(16, 19, 34, 0.65)"; readonly border: { ...; }; }; ... 5 more ....'.
src/screens/Profile/ProfilePreviewScreen.tsx(41,43): error TS2551: Property 'getProfile' does not exist on type '{ create: (profile: { id: string; created_at?: string | undefined; updated_at?: string | undefined; email: string; full_name?: string | null | undefined; avatar_url?: string | null | undefined; ... 14 more ...; badge_type?: "verified_student" | ... 2 more ... | undefined; }) => Promise<...>; ... 6 more ...; updateLa...'. Did you mean 'getMyProfile'?
src/screens/Profile/ProfileViewersScreen.tsx(100,45): error TS2339: Property 'secondary' does not exist on type '{ readonly primary: "#1337ec"; readonly primaryDark: "#0b25a8"; readonly primaryLight: "#4d6df0"; readonly backgroundLight: "#f6f6f8"; readonly backgroundDark: "#101322"; readonly glass: { readonly light: "rgba(255, 255, 255, 0.65)"; readonly dark: "rgba(16, 19, 34, 0.65)"; readonly border: { ...; }; }; ... 5 more ....'.
src/screens/Settings/BlockedUsersScreen.tsx(144,71): error TS2339: Property 'error' does not exist on type '{ readonly primary: "#1337ec"; readonly primaryDark: "#0b25a8"; readonly primaryLight: "#4d6df0"; readonly backgroundLight: "#f6f6f8"; readonly backgroundDark: "#101322"; readonly glass: { readonly light: "rgba(255, 255, 255, 0.65)"; readonly dark: "rgba(16, 19, 34, 0.65)"; readonly border: { ...; }; }; ... 5 more ....'.
src/screens/Settings/BlockedUsersScreen.tsx(147,69): error TS2339: Property 'error' does not exist on type '{ readonly primary: "#1337ec"; readonly primaryDark: "#0b25a8"; readonly primaryLight: "#4d6df0"; readonly backgroundLight: "#f6f6f8"; readonly backgroundDark: "#101322"; readonly glass: { readonly light: "rgba(255, 255, 255, 0.65)"; readonly dark: "rgba(16, 19, 34, 0.65)"; readonly border: { ...; }; }; ... 5 more ....'.
src/screens/Settings/ClearHistoryScreen.tsx(105,64): error TS2339: Property 'error' does not exist on type '{ readonly primary: "#1337ec"; readonly primaryDark: "#0b25a8"; readonly primaryLight: "#4d6df0"; readonly backgroundLight: "#f6f6f8"; readonly backgroundDark: "#101322"; readonly glass: { readonly light: "rgba(255, 255, 255, 0.65)"; readonly dark: "rgba(16, 19, 34, 0.65)"; readonly border: { ...; }; }; ... 5 more ....'.
src/screens/Settings/ClearHistoryScreen.tsx(196,49): error TS2339: Property 'success' does not exist on type '{ readonly primary: "#1337ec"; readonly primaryDark: "#0b25a8"; readonly primaryLight: "#4d6df0"; readonly backgroundLight: "#f6f6f8"; readonly backgroundDark: "#101322"; readonly glass: { readonly light: "rgba(255, 255, 255, 0.65)"; readonly dark: "rgba(16, 19, 34, 0.65)"; readonly border: { ...; }; }; ... 5 more ....'.
src/screens/Settings/ClearHistoryScreen.tsx(196,66): error TS2339: Property 'warning' does not exist on type '{ readonly primary: "#1337ec"; readonly primaryDark: "#0b25a8"; readonly primaryLight: "#4d6df0"; readonly backgroundLight: "#f6f6f8"; readonly backgroundDark: "#101322"; readonly glass: { readonly light: "rgba(255, 255, 255, 0.65)"; readonly dark: "rgba(16, 19, 34, 0.65)"; readonly border: { ...; }; }; ... 5 more ....'.
src/screens/Settings/ClearHistoryScreen.tsx(208,61): error TS2339: Property 'warning' does not exist on type '{ readonly primary: "#1337ec"; readonly primaryDark: "#0b25a8"; readonly primaryLight: "#4d6df0"; readonly backgroundLight: "#f6f6f8"; readonly backgroundDark: "#101322"; readonly glass: { readonly light: "rgba(255, 255, 255, 0.65)"; readonly dark: "rgba(16, 19, 34, 0.65)"; readonly border: { ...; }; }; ... 5 more ....'.
src/screens/Settings/ClearHistoryScreen.tsx(208,85): error TS2339: Property 'success' does not exist on type '{ readonly primary: "#1337ec"; readonly primaryDark: "#0b25a8"; readonly primaryLight: "#4d6df0"; readonly backgroundLight: "#f6f6f8"; readonly backgroundDark: "#101322"; readonly glass: { readonly light: "rgba(255, 255, 255, 0.65)"; readonly dark: "rgba(16, 19, 34, 0.65)"; readonly border: { ...; }; }; ... 5 more ....'.
src/screens/Settings/ClearHistoryScreen.tsx(212,53): error TS2339: Property 'warning' does not exist on type '{ readonly primary: "#1337ec"; readonly primaryDark: "#0b25a8"; readonly primaryLight: "#4d6df0"; readonly backgroundLight: "#f6f6f8"; readonly backgroundDark: "#101322"; readonly glass: { readonly light: "rgba(255, 255, 255, 0.65)"; readonly dark: "rgba(16, 19, 34, 0.65)"; readonly border: { ...; }; }; ... 5 more ....'.
src/screens/Settings/ClearHistoryScreen.tsx(212,70): error TS2339: Property 'success' does not exist on type '{ readonly primary: "#1337ec"; readonly primaryDark: "#0b25a8"; readonly primaryLight: "#4d6df0"; readonly backgroundLight: "#f6f6f8"; readonly backgroundDark: "#101322"; readonly glass: { readonly light: "rgba(255, 255, 255, 0.65)"; readonly dark: "rgba(16, 19, 34, 0.65)"; readonly border: { ...; }; }; ... 5 more ....'.
src/screens/Settings/ClearHistoryScreen.tsx(233,88): error TS2339: Property 'success' does not exist on type '{ readonly primary: "#1337ec"; readonly primaryDark: "#0b25a8"; readonly primaryLight: "#4d6df0"; readonly backgroundLight: "#f6f6f8"; readonly backgroundDark: "#101322"; readonly glass: { readonly light: "rgba(255, 255, 255, 0.65)"; readonly dark: "rgba(16, 19, 34, 0.65)"; readonly border: { ...; }; }; ... 5 more ....'.
src/screens/Settings/ClearHistoryScreen.tsx(233,105): error TS2339: Property 'info' does not exist on type '{ readonly primary: "#1337ec"; readonly primaryDark: "#0b25a8"; readonly primaryLight: "#4d6df0"; readonly backgroundLight: "#f6f6f8"; readonly backgroundDark: "#101322"; readonly glass: { readonly light: "rgba(255, 255, 255, 0.65)"; readonly dark: "rgba(16, 19, 34, 0.65)"; readonly border: { ...; }; }; ... 5 more ....'.
src/screens/Settings/ClearHistoryScreen.tsx(244,58): error TS2339: Property 'success' does not exist on type '{ readonly primary: "#1337ec"; readonly primaryDark: "#0b25a8"; readonly primaryLight: "#4d6df0"; readonly backgroundLight: "#f6f6f8"; readonly backgroundDark: "#101322"; readonly glass: { readonly light: "rgba(255, 255, 255, 0.65)"; readonly dark: "rgba(16, 19, 34, 0.65)"; readonly border: { ...; }; }; ... 5 more ....'.
src/screens/Settings/ClearHistoryScreen.tsx(248,50): error TS2339: Property 'success' does not exist on type '{ readonly primary: "#1337ec"; readonly primaryDark: "#0b25a8"; readonly primaryLight: "#4d6df0"; readonly backgroundLight: "#f6f6f8"; readonly backgroundDark: "#101322"; readonly glass: { readonly light: "rgba(255, 255, 255, 0.65)"; readonly dark: "rgba(16, 19, 34, 0.65)"; readonly border: { ...; }; }; ... 5 more ....'.
src/screens/Settings/DistanceSettingsScreen.tsx(57,38): error TS2339: Property 'success' does not exist on type '{ readonly primary: "#1337ec"; readonly primaryDark: "#0b25a8"; readonly primaryLight: "#4d6df0"; readonly backgroundLight: "#f6f6f8"; readonly backgroundDark: "#101322"; readonly glass: { readonly light: "rgba(255, 255, 255, 0.65)"; readonly dark: "rgba(16, 19, 34, 0.65)"; readonly border: { ...; }; }; ... 5 more ....'.
src/screens/Settings/DistanceSettingsScreen.tsx(59,39): error TS2339: Property 'warning' does not exist on type '{ readonly primary: "#1337ec"; readonly primaryDark: "#0b25a8"; readonly primaryLight: "#4d6df0"; readonly backgroundLight: "#f6f6f8"; readonly backgroundDark: "#101322"; readonly glass: { readonly light: "rgba(255, 255, 255, 0.65)"; readonly dark: "rgba(16, 19, 34, 0.65)"; readonly border: { ...; }; }; ... 5 more ....'.
src/screens/Settings/DistanceSettingsScreen.tsx(60,19): error TS2339: Property 'error' does not exist on type '{ readonly primary: "#1337ec"; readonly primaryDark: "#0b25a8"; readonly primaryLight: "#4d6df0"; readonly backgroundLight: "#f6f6f8"; readonly backgroundDark: "#101322"; readonly glass: { readonly light: "rgba(255, 255, 255, 0.65)"; readonly dark: "rgba(16, 19, 34, 0.65)"; readonly border: { ...; }; }; ... 5 more ....'.
src/screens/Settings/DistanceSettingsScreen.tsx(151,66): error TS2339: Property 'info' does not exist on type '{ readonly primary: "#1337ec"; readonly primaryDark: "#0b25a8"; readonly primaryLight: "#4d6df0"; readonly backgroundLight: "#f6f6f8"; readonly backgroundDark: "#101322"; readonly glass: { readonly light: "rgba(255, 255, 255, 0.65)"; readonly dark: "rgba(16, 19, 34, 0.65)"; readonly border: { ...; }; }; ... 5 more ....'.
src/screens/Settings/DistanceSettingsScreen.tsx(151,99): error TS2339: Property 'info' does not exist on type '{ readonly primary: "#1337ec"; readonly primaryDark: "#0b25a8"; readonly primaryLight: "#4d6df0"; readonly backgroundLight: "#f6f6f8"; readonly backgroundDark: "#101322"; readonly glass: { readonly light: "rgba(255, 255, 255, 0.65)"; readonly dark: "rgba(16, 19, 34, 0.65)"; readonly border: { ...; }; }; ... 5 more ....'.
src/screens/Settings/DistanceSettingsScreen.tsx(152,62): error TS2339: Property 'info' does not exist on type '{ readonly primary: "#1337ec"; readonly primaryDark: "#0b25a8"; readonly primaryLight: "#4d6df0"; readonly backgroundLight: "#f6f6f8"; readonly backgroundDark: "#101322"; readonly glass: { readonly light: "rgba(255, 255, 255, 0.65)"; readonly dark: "rgba(16, 19, 34, 0.65)"; readonly border: { ...; }; }; ... 5 more ....'.
src/screens/Settings/DistanceSettingsScreen.tsx(165,76): error TS2339: Property 'warning' does not exist on type '{ readonly primary: "#1337ec"; readonly primaryDark: "#0b25a8"; readonly primaryLight: "#4d6df0"; readonly backgroundLight: "#f6f6f8"; readonly backgroundDark: "#101322"; readonly glass: { readonly light: "rgba(255, 255, 255, 0.65)"; readonly dark: "rgba(16, 19, 34, 0.65)"; readonly border: { ...; }; }; ... 5 more ....'.
src/screens/Settings/DistanceSettingsScreen.tsx(171,76): error TS2339: Property 'warning' does not exist on type '{ readonly primary: "#1337ec"; readonly primaryDark: "#0b25a8"; readonly primaryLight: "#4d6df0"; readonly backgroundLight: "#f6f6f8"; readonly backgroundDark: "#101322"; readonly glass: { readonly light: "rgba(255, 255, 255, 0.65)"; readonly dark: "rgba(16, 19, 34, 0.65)"; readonly border: { ...; }; }; ... 5 more ....'.
src/screens/Settings/DistanceSettingsScreen.tsx(177,76): error TS2339: Property 'warning' does not exist on type '{ readonly primary: "#1337ec"; readonly primaryDark: "#0b25a8"; readonly primaryLight: "#4d6df0"; readonly backgroundLight: "#f6f6f8"; readonly backgroundDark: "#101322"; readonly glass: { readonly light: "rgba(255, 255, 255, 0.65)"; readonly dark: "rgba(16, 19, 34, 0.65)"; readonly border: { ...; }; }; ... 5 more ....'.
src/screens/Settings/DownloadDataScreen.tsx(151,53): error TS2339: Property 'success' does not exist on type '{ readonly primary: "#1337ec"; readonly primaryDark: "#0b25a8"; readonly primaryLight: "#4d6df0"; readonly backgroundLight: "#f6f6f8"; readonly backgroundDark: "#101322"; readonly glass: { readonly light: "rgba(255, 255, 255, 0.65)"; readonly dark: "rgba(16, 19, 34, 0.65)"; readonly border: { ...; }; }; ... 5 more ....'.
src/screens/Settings/LocationSettingsScreen.tsx(56,25): error TS2339: Property 'success' does not exist on type '{ readonly primary: "#1337ec"; readonly primaryDark: "#0b25a8"; readonly primaryLight: "#4d6df0"; readonly backgroundLight: "#f6f6f8"; readonly backgroundDark: "#101322"; readonly glass: { readonly light: "rgba(255, 255, 255, 0.65)"; readonly dark: "rgba(16, 19, 34, 0.65)"; readonly border: { ...; }; }; ... 5 more ....'.
src/screens/Settings/LocationSettingsScreen.tsx(63,25): error TS2339: Property 'error' does not exist on type '{ readonly primary: "#1337ec"; readonly primaryDark: "#0b25a8"; readonly primaryLight: "#4d6df0"; readonly backgroundLight: "#f6f6f8"; readonly backgroundDark: "#101322"; readonly glass: { readonly light: "rgba(255, 255, 255, 0.65)"; readonly dark: "rgba(16, 19, 34, 0.65)"; readonly border: { ...; }; }; ... 5 more ....'.
src/screens/Settings/LocationSettingsScreen.tsx(70,25): error TS2339: Property 'warning' does not exist on type '{ readonly primary: "#1337ec"; readonly primaryDark: "#0b25a8"; readonly primaryLight: "#4d6df0"; readonly backgroundLight: "#f6f6f8"; readonly backgroundDark: "#101322"; readonly glass: { readonly light: "rgba(255, 255, 255, 0.65)"; readonly dark: "rgba(16, 19, 34, 0.65)"; readonly border: { ...; }; }; ... 5 more ....'.
src/screens/Settings/LocationSettingsScreen.tsx(136,70): error TS2339: Property 'info' does not exist on type '{ readonly primary: "#1337ec"; readonly primaryDark: "#0b25a8"; readonly primaryLight: "#4d6df0"; readonly backgroundLight: "#f6f6f8"; readonly backgroundDark: "#101322"; readonly glass: { readonly light: "rgba(255, 255, 255, 0.65)"; readonly dark: "rgba(16, 19, 34, 0.65)"; readonly border: { ...; }; }; ... 5 more ....'.
src/screens/Settings/MutedUsersScreen.tsx(143,78): error TS2339: Property 'warning' does not exist on type '{ readonly primary: "#1337ec"; readonly primaryDark: "#0b25a8"; readonly primaryLight: "#4d6df0"; readonly backgroundLight: "#f6f6f8"; readonly backgroundDark: "#101322"; readonly glass: { readonly light: "rgba(255, 255, 255, 0.65)"; readonly dark: "rgba(16, 19, 34, 0.65)"; readonly border: { ...; }; }; ... 5 more ....'.
src/screens/Settings/MutedUsersScreen.tsx(144,68): error TS2339: Property 'warning' does not exist on type '{ readonly primary: "#1337ec"; readonly primaryDark: "#0b25a8"; readonly primaryLight: "#4d6df0"; readonly backgroundLight: "#f6f6f8"; readonly backgroundDark: "#101322"; readonly glass: { readonly light: "rgba(255, 255, 255, 0.65)"; readonly dark: "rgba(16, 19, 34, 0.65)"; readonly border: { ...; }; }; ... 5 more ....'.
src/screens/Settings/ReportedUsersScreen.tsx(61,53): error TS2339: Property 'warning' does not exist on type '{ readonly primary: "#1337ec"; readonly primaryDark: "#0b25a8"; readonly primaryLight: "#4d6df0"; readonly backgroundLight: "#f6f6f8"; readonly backgroundDark: "#101322"; readonly glass: { readonly light: "rgba(255, 255, 255, 0.65)"; readonly dark: "rgba(16, 19, 34, 0.65)"; readonly border: { ...; }; }; ... 5 more ....'.
src/screens/Settings/ReportedUsersScreen.tsx(63,51): error TS2339: Property 'info' does not exist on type '{ readonly primary: "#1337ec"; readonly primaryDark: "#0b25a8"; readonly primaryLight: "#4d6df0"; readonly backgroundLight: "#f6f6f8"; readonly backgroundDark: "#101322"; readonly glass: { readonly light: "rgba(255, 255, 255, 0.65)"; readonly dark: "rgba(16, 19, 34, 0.65)"; readonly border: { ...; }; }; ... 5 more ....'.
src/screens/Settings/ReportedUsersScreen.tsx(65,49): error TS2339: Property 'success' does not exist on type '{ readonly primary: "#1337ec"; readonly primaryDark: "#0b25a8"; readonly primaryLight: "#4d6df0"; readonly backgroundLight: "#f6f6f8"; readonly backgroundDark: "#101322"; readonly glass: { readonly light: "rgba(255, 255, 255, 0.65)"; readonly dark: "rgba(16, 19, 34, 0.65)"; readonly border: { ...; }; }; ... 5 more ....'.
src/screens/Settings/ReportedUsersScreen.tsx(149,64): error TS2339: Property 'warning' does not exist on type '{ readonly primary: "#1337ec"; readonly primaryDark: "#0b25a8"; readonly primaryLight: "#4d6df0"; readonly backgroundLight: "#f6f6f8"; readonly backgroundDark: "#101322"; readonly glass: { readonly light: "rgba(255, 255, 255, 0.65)"; readonly dark: "rgba(16, 19, 34, 0.65)"; readonly border: { ...; }; }; ... 5 more ....'.
src/screens/Settings/ReportedUsersScreen.tsx(153,64): error TS2339: Property 'info' does not exist on type '{ readonly primary: "#1337ec"; readonly primaryDark: "#0b25a8"; readonly primaryLight: "#4d6df0"; readonly backgroundLight: "#f6f6f8"; readonly backgroundDark: "#101322"; readonly glass: { readonly light: "rgba(255, 255, 255, 0.65)"; readonly dark: "rgba(16, 19, 34, 0.65)"; readonly border: { ...; }; }; ... 5 more ....'.
src/screens/Settings/ReportedUsersScreen.tsx(157,64): error TS2339: Property 'success' does not exist on type '{ readonly primary: "#1337ec"; readonly primaryDark: "#0b25a8"; readonly primaryLight: "#4d6df0"; readonly backgroundLight: "#f6f6f8"; readonly backgroundDark: "#101322"; readonly glass: { readonly light: "rgba(255, 255, 255, 0.65)"; readonly dark: "rgba(16, 19, 34, 0.65)"; readonly border: { ...; }; }; ... 5 more ....'.
src/screens/Settings/TermsOfServiceScreen.tsx(196,70): error TS2339: Property 'success' does not exist on type '{ readonly primary: "#1337ec"; readonly primaryDark: "#0b25a8"; readonly primaryLight: "#4d6df0"; readonly backgroundLight: "#f6f6f8"; readonly backgroundDark: "#101322"; readonly glass: { readonly light: "rgba(255, 255, 255, 0.65)"; readonly dark: "rgba(16, 19, 34, 0.65)"; readonly border: { ...; }; }; ... 5 more ....'.
src/services/index.ts(9,35): error TS1205: Re-exporting a type when 'isolatedModules' is enabled requires using 'export type'.
src/services/index.ts(9,42): error TS1205: Re-exporting a type when 'isolatedModules' is enabled requires using 'export type'.
src/services/index.ts(13,42): error TS1205: Re-exporting a type when 'isolatedModules' is enabled requires using 'export type'.
src/services/index.ts(13,53): error TS1205: Re-exporting a type when 'isolatedModules' is enabled requires using 'export type'.
src/services/index.ts(13,60): error TS1205: Re-exporting a type when 'isolatedModules' is enabled requires using 'export type'.
src/services/index.ts(13,71): error TS1205: Re-exporting a type when 'isolatedModules' is enabled requires using 'export type'.
src/services/index.ts(14,35): error TS1205: Re-exporting a type when 'isolatedModules' is enabled requires using 'export type'.
src/services/index.ts(14,42): error TS1205: Re-exporting a type when 'isolatedModules' is enabled requires using 'export type'.
src/services/index.ts(15,39): error TS1205: Re-exporting a type when 'isolatedModules' is enabled requires using 'export type'.
src/services/index.ts(15,50): error TS1205: Re-exporting a type when 'isolatedModules' is enabled requires using 'export type'.
src/services/index.ts(15,63): error TS1205: Re-exporting a type when 'isolatedModules' is enabled requires using 'export type'.
src/services/index.ts(16,35): error TS1205: Re-exporting a type when 'isolatedModules' is enabled requires using 'export type'.
src/services/index.ts(17,36): error TS1205: Re-exporting a type when 'isolatedModules' is enabled requires using 'export type'.
src/services/index.ts(17,51): error TS1205: Re-exporting a type when 'isolatedModules' is enabled requires using 'export type'.
src/services/index.ts(19,39): error TS1205: Re-exporting a type when 'isolatedModules' is enabled requires using 'export type'.
src/services/index.ts(20,42): error TS1205: Re-exporting a type when 'isolatedModules' is enabled requires using 'export type'.
src/services/index.ts(21,37): error TS1205: Re-exporting a type when 'isolatedModules' is enabled requires using 'export type'.
src/services/index.ts(21,52): error TS1205: Re-exporting a type when 'isolatedModules' is enabled requires using 'export type'.
src/services/index.ts(21,66): error TS1205: Re-exporting a type when 'isolatedModules' is enabled requires using 'export type'.
src/services/index.ts(22,35): error TS1205: Re-exporting a type when 'isolatedModules' is enabled requires using 'export type'.
src/services/pushNotificationService.ts(20,39): error TS2322: Type 'Promise<{ shouldShowAlert: true; shouldPlaySound: true; shouldSetBadge: true; }>' is not assignable to type 'Promise<NotificationBehavior>'.
  Type '{ shouldShowAlert: true; shouldPlaySound: true; shouldSetBadge: true; }' is missing the following properties from type 'NotificationBehavior': shouldShowBanner, shouldShowList
src/services/pushNotificationService.ts(240,23): error TS2339: Property 'removeNotificationSubscription' does not exist on type 'typeof import("C:/Users/baboa/OneDrive/Desktop/\u00DCniFinder/unifinder-app/node_modules/expo-notifications/build/index")'.
src/services/pushNotificationService.ts(241,23): error TS2339: Property 'removeNotificationSubscription' does not exist on type 'typeof import("C:/Users/baboa/OneDrive/Desktop/\u00DCniFinder/unifinder-app/node_modules/expo-notifications/build/index")'.
src/services/storyReactionService.ts(152,5): error TS2322: Type '{ id: any; story_id: any; reactor_id: any; emoji: any; created_at: any; reactor: { id: any; full_name: any; avatar_url: any; }[]; }[]' is not assignable to type 'StoryReaction[]'.
  Type '{ id: any; story_id: any; reactor_id: any; emoji: any; created_at: any; reactor: { id: any; full_name: any; avatar_url: any; }[]; }' is not assignable to type 'StoryReaction'.
    Types of property 'reactor' are incompatible.
      Type '{ id: any; full_name: any; avatar_url: any; }[]' is missing the following properties from type '{ id: string; full_name: string; avatar_url: string | null; }': id, full_name, avatar_url
